
> angular@0.0.0 start
> ng serve --host 0.0.0.0  --no-hmr --disable-host-check --port 3000

Warning: Running a server with --disable-host-check is a security risk. See https://medium.com/webpack/webpack-dev-server-middleware-security-issues-1489d950874a for more information.
The "disableHostCheck" option will not be used because it is not supported by the "@angular-devkit/build-angular:application" builder.
❯ Building...
✔ Building...
Browser bundles     
Initial chunk files  | Names            |  Raw size
polyfills.js         | polyfills        |  90.20 kB | 
main.js              | main             |  22.59 kB | 
styles.css           | styles           |  95 bytes | 

                     | Initial total    | 112.88 kB


Server bundles      
Initial chunk files  | Names            |  Raw size
polyfills.server.mjs | polyfills.server | 572.91 kB | 
chunk-6XEG6CM6.mjs   | -                |  23.02 kB | 
server.mjs           | server           |   1.39 kB | 
main.server.mjs      | main.server      | 800 bytes | 

Application bundle generation complete. [3.012 seconds]

Watch mode enabled. Watching for file changes...
NOTE: Raw file sizes do not reflect development server per-request transformations.
  ➜  Local:   http://localhost:3000/
  ➜  Network: http://172.17.0.2:3000/
❯ Changes detected. Rebuilding...
✔ Changes detected. Rebuilding...
Application bundle generation failed. [0.349 seconds]

✘ [ERROR] Could not resolve "./signin/signin.component"

    src/app/app.routes.ts:9:36:
      9 │ ...nent: () => import('./signin/signin.component').then(m => m.Sign...
        ╵                       ~~~~~~~~~~~~~~~~~~~~~~~~~~~


✘ [ERROR] TS2307: Cannot find module './signin/signin.component' or its corresponding type declarations. [plugin angular-compiler]

    src/app/app.routes.ts:12:13:
      12 │       import('./signin/signin.component').then(m => m.SigninCompon...
         ╵              ~~~~~~~~~~~~~~~~~~~~~~~~~~~


✘ [ERROR] Could not resolve "./home/home.component"

    src/app/app.routes.ts:13:36:
      13 │ ...onent: () => import('./home/home.component').then(m => m.HomeCo...
         ╵                        ~~~~~~~~~~~~~~~~~~~~~~~


✘ [ERROR] TS2307: Cannot find module './home/home.component' or its corresponding type declarations. [plugin angular-compiler]

    src/app/app.routes.ts:17:13:
      17 │       import('./home/home.component').then(m => m.HomeComponent)
         ╵              ~~~~~~~~~~~~~~~~~~~~~~~


✘ [ERROR] Could not resolve "./planner/planner.component"

    src/app/app.routes.ts:17:36:
      17 │ ...nt: () => import('./planner/planner.component').then(m => m.Pla...
         ╵                     ~~~~~~~~~~~~~~~~~~~~~~~~~~~~~


✘ [ERROR] TS2307: Cannot find module './planner/planner.component' or its corresponding type declarations. [plugin angular-compiler]

    src/app/app.routes.ts:22:13:
      22 │       import('./planner/planner.component').then(m => m.PlannerCom...
         ╵              ~~~~~~~~~~~~~~~~~~~~~~~~~~~~~


✘ [ERROR] Could not resolve "./signin/signin.component"

    src/app/app.routes.ts:9:36:
      9 │ ...nent: () => import('./signin/signin.component').then(m => m.Sign...
        ╵                       ~~~~~~~~~~~~~~~~~~~~~~~~~~~


✘ [ERROR] Could not resolve "./home/home.component"

    src/app/app.routes.ts:13:36:
      13 │ ...onent: () => import('./home/home.component').then(m => m.HomeCo...
         ╵                        ~~~~~~~~~~~~~~~~~~~~~~~


✘ [ERROR] Could not resolve "./planner/planner.component"

    src/app/app.routes.ts:17:36:
      17 │ ...nt: () => import('./planner/planner.component').then(m => m.Pla...
         ╵                     ~~~~~~~~~~~~~~~~~~~~~~~~~~~~~


❯ Changes detected. Rebuilding...
✔ Changes detected. Rebuilding...
Application bundle generation failed. [0.148 seconds]

✘ [ERROR] TS2307: Cannot find module './signin/signin.component' or its corresponding type declarations. [plugin angular-compiler]

    src/app/app.routes.ts:12:13:
      12 │       import('./signin/signin.component').then(m => m.SigninCompon...
         ╵              ~~~~~~~~~~~~~~~~~~~~~~~~~~~


✘ [ERROR] TS2307: Cannot find module './home/home.component' or its corresponding type declarations. [plugin angular-compiler]

    src/app/app.routes.ts:17:13:
      17 │       import('./home/home.component').then(m => m.HomeComponent)
         ╵              ~~~~~~~~~~~~~~~~~~~~~~~


✘ [ERROR] TS2307: Cannot find module './planner/planner.component' or its corresponding type declarations. [plugin angular-compiler]

    src/app/app.routes.ts:22:13:
      22 │       import('./planner/planner.component').then(m => m.PlannerCom...
         ╵              ~~~~~~~~~~~~~~~~~~~~~~~~~~~~~


❯ Changes detected. Rebuilding...
✔ Changes detected. Rebuilding...
Application bundle generation failed. [0.205 seconds]

✘ [ERROR] TS2307: Cannot find module './signin/signin.component' or its corresponding type declarations. [plugin angular-compiler]

    src/app/app.routes.ts:12:13:
      12 │       import('./signin/signin.component').then(m => m.SigninCompon...
         ╵              ~~~~~~~~~~~~~~~~~~~~~~~~~~~


✘ [ERROR] TS2307: Cannot find module './home/home.component' or its corresponding type declarations. [plugin angular-compiler]

    src/app/app.routes.ts:17:13:
      17 │       import('./home/home.component').then(m => m.HomeComponent)
         ╵              ~~~~~~~~~~~~~~~~~~~~~~~


✘ [ERROR] TS2307: Cannot find module './planner/planner.component' or its corresponding type declarations. [plugin angular-compiler]

    src/app/app.routes.ts:22:13:
      22 │       import('./planner/planner.component').then(m => m.PlannerCom...
         ╵              ~~~~~~~~~~~~~~~~~~~~~~~~~~~~~


❯ Changes detected. Rebuilding...
✔ Changes detected. Rebuilding...
Application bundle generation failed. [0.223 seconds]

✘ [ERROR] TS2307: Cannot find module './signin/signin.component' or its corresponding type declarations. [plugin angular-compiler]

    src/app/app.routes.ts:12:13:
      12 │       import('./signin/signin.component').then(m => m.SigninCompon...
         ╵              ~~~~~~~~~~~~~~~~~~~~~~~~~~~


✘ [ERROR] TS2307: Cannot find module './home/home.component' or its corresponding type declarations. [plugin angular-compiler]

    src/app/app.routes.ts:17:13:
      17 │       import('./home/home.component').then(m => m.HomeComponent)
         ╵              ~~~~~~~~~~~~~~~~~~~~~~~


✘ [ERROR] TS2307: Cannot find module './planner/planner.component' or its corresponding type declarations. [plugin angular-compiler]

    src/app/app.routes.ts:22:13:
      22 │       import('./planner/planner.component').then(m => m.PlannerCom...
         ╵              ~~~~~~~~~~~~~~~~~~~~~~~~~~~~~


❯ Changes detected. Rebuilding...
✔ Changes detected. Rebuilding...
Application bundle generation failed. [0.025 seconds]

✘ [ERROR] TS2307: Cannot find module './signin/signin.component' or its corresponding type declarations. [plugin angular-compiler]

    src/app/app.routes.ts:12:13:
      12 │       import('./signin/signin.component').then(m => m.SigninCompon...
         ╵              ~~~~~~~~~~~~~~~~~~~~~~~~~~~


✘ [ERROR] TS2307: Cannot find module './home/home.component' or its corresponding type declarations. [plugin angular-compiler]

    src/app/app.routes.ts:17:13:
      17 │       import('./home/home.component').then(m => m.HomeComponent)
         ╵              ~~~~~~~~~~~~~~~~~~~~~~~


✘ [ERROR] TS2307: Cannot find module './planner/planner.component' or its corresponding type declarations. [plugin angular-compiler]

    src/app/app.routes.ts:22:13:
      22 │       import('./planner/planner.component').then(m => m.PlannerCom...
         ╵              ~~~~~~~~~~~~~~~~~~~~~~~~~~~~~


❯ Changes detected. Rebuilding...
✔ Changes detected. Rebuilding...
Application bundle generation failed. [0.010 seconds]

✘ [ERROR] TS2307: Cannot find module './signin/signin.component' or its corresponding type declarations. [plugin angular-compiler]

    src/app/app.routes.ts:12:13:
      12 │       import('./signin/signin.component').then(m => m.SigninCompon...
         ╵              ~~~~~~~~~~~~~~~~~~~~~~~~~~~


✘ [ERROR] TS2307: Cannot find module './home/home.component' or its corresponding type declarations. [plugin angular-compiler]

    src/app/app.routes.ts:17:13:
      17 │       import('./home/home.component').then(m => m.HomeComponent)
         ╵              ~~~~~~~~~~~~~~~~~~~~~~~


✘ [ERROR] TS2307: Cannot find module './planner/planner.component' or its corresponding type declarations. [plugin angular-compiler]

    src/app/app.routes.ts:22:13:
      22 │       import('./planner/planner.component').then(m => m.PlannerCom...
         ╵              ~~~~~~~~~~~~~~~~~~~~~~~~~~~~~


❯ Changes detected. Rebuilding...
✔ Changes detected. Rebuilding...
Application bundle generation failed. [0.014 seconds]

✘ [ERROR] TS2307: Cannot find module './signin/signin.component' or its corresponding type declarations. [plugin angular-compiler]

    src/app/app.routes.ts:12:13:
      12 │       import('./signin/signin.component').then(m => m.SigninCompon...
         ╵              ~~~~~~~~~~~~~~~~~~~~~~~~~~~


✘ [ERROR] TS2307: Cannot find module './home/home.component' or its corresponding type declarations. [plugin angular-compiler]

    src/app/app.routes.ts:17:13:
      17 │       import('./home/home.component').then(m => m.HomeComponent)
         ╵              ~~~~~~~~~~~~~~~~~~~~~~~


✘ [ERROR] TS2307: Cannot find module './planner/planner.component' or its corresponding type declarations. [plugin angular-compiler]

    src/app/app.routes.ts:22:13:
      22 │       import('./planner/planner.component').then(m => m.PlannerCom...
         ╵              ~~~~~~~~~~~~~~~~~~~~~~~~~~~~~


❯ Changes detected. Rebuilding...
✔ Changes detected. Rebuilding...
Application bundle generation failed. [0.013 seconds]

✘ [ERROR] TS2307: Cannot find module './signin/signin.component' or its corresponding type declarations. [plugin angular-compiler]

    src/app/app.routes.ts:12:13:
      12 │       import('./signin/signin.component').then(m => m.SigninCompon...
         ╵              ~~~~~~~~~~~~~~~~~~~~~~~~~~~


✘ [ERROR] TS2307: Cannot find module './home/home.component' or its corresponding type declarations. [plugin angular-compiler]

    src/app/app.routes.ts:17:13:
      17 │       import('./home/home.component').then(m => m.HomeComponent)
         ╵              ~~~~~~~~~~~~~~~~~~~~~~~


✘ [ERROR] TS2307: Cannot find module './planner/planner.component' or its corresponding type declarations. [plugin angular-compiler]

    src/app/app.routes.ts:22:13:
      22 │       import('./planner/planner.component').then(m => m.PlannerCom...
         ╵              ~~~~~~~~~~~~~~~~~~~~~~~~~~~~~


❯ Changes detected. Rebuilding...
✔ Changes detected. Rebuilding...
Application bundle generation failed. [0.010 seconds]

✘ [ERROR] TS2307: Cannot find module './signin/signin.component' or its corresponding type declarations. [plugin angular-compiler]

    src/app/app.routes.ts:12:13:
      12 │       import('./signin/signin.component').then(m => m.SigninCompon...
         ╵              ~~~~~~~~~~~~~~~~~~~~~~~~~~~


✘ [ERROR] TS2307: Cannot find module './home/home.component' or its corresponding type declarations. [plugin angular-compiler]

    src/app/app.routes.ts:17:13:
      17 │       import('./home/home.component').then(m => m.HomeComponent)
         ╵              ~~~~~~~~~~~~~~~~~~~~~~~


✘ [ERROR] TS2307: Cannot find module './planner/planner.component' or its corresponding type declarations. [plugin angular-compiler]

    src/app/app.routes.ts:22:13:
      22 │       import('./planner/planner.component').then(m => m.PlannerCom...
         ╵              ~~~~~~~~~~~~~~~~~~~~~~~~~~~~~


❯ Changes detected. Rebuilding...
✔ Changes detected. Rebuilding...
Application bundle generation failed. [0.016 seconds]

✘ [ERROR] TS2307: Cannot find module './signin/signin.component' or its corresponding type declarations. [plugin angular-compiler]

    src/app/app.routes.ts:12:13:
      12 │       import('./signin/signin.component').then(m => m.SigninCompon...
         ╵              ~~~~~~~~~~~~~~~~~~~~~~~~~~~


✘ [ERROR] TS2307: Cannot find module './home/home.component' or its corresponding type declarations. [plugin angular-compiler]

    src/app/app.routes.ts:17:13:
      17 │       import('./home/home.component').then(m => m.HomeComponent)
         ╵              ~~~~~~~~~~~~~~~~~~~~~~~


✘ [ERROR] TS2307: Cannot find module './planner/planner.component' or its corresponding type declarations. [plugin angular-compiler]

    src/app/app.routes.ts:22:13:
      22 │       import('./planner/planner.component').then(m => m.PlannerCom...
         ╵              ~~~~~~~~~~~~~~~~~~~~~~~~~~~~~


❯ Changes detected. Rebuilding...
✔ Changes detected. Rebuilding...
Application bundle generation failed. [0.010 seconds]

✘ [ERROR] TS2307: Cannot find module './signin/signin.component' or its corresponding type declarations. [plugin angular-compiler]

    src/app/app.routes.ts:12:13:
      12 │       import('./signin/signin.component').then(m => m.SigninCompon...
         ╵              ~~~~~~~~~~~~~~~~~~~~~~~~~~~


✘ [ERROR] TS2307: Cannot find module './home/home.component' or its corresponding type declarations. [plugin angular-compiler]

    src/app/app.routes.ts:17:13:
      17 │       import('./home/home.component').then(m => m.HomeComponent)
         ╵              ~~~~~~~~~~~~~~~~~~~~~~~


✘ [ERROR] TS2307: Cannot find module './planner/planner.component' or its corresponding type declarations. [plugin angular-compiler]

    src/app/app.routes.ts:22:13:
      22 │       import('./planner/planner.component').then(m => m.PlannerCom...
         ╵              ~~~~~~~~~~~~~~~~~~~~~~~~~~~~~


❯ Changes detected. Rebuilding...
✔ Changes detected. Rebuilding...
Application bundle generation failed. [0.012 seconds]

✘ [ERROR] TS2307: Cannot find module './signin/signin.component' or its corresponding type declarations. [plugin angular-compiler]

    src/app/app.routes.ts:12:13:
      12 │       import('./signin/signin.component').then(m => m.SigninCompon...
         ╵              ~~~~~~~~~~~~~~~~~~~~~~~~~~~


✘ [ERROR] TS2307: Cannot find module './home/home.component' or its corresponding type declarations. [plugin angular-compiler]

    src/app/app.routes.ts:17:13:
      17 │       import('./home/home.component').then(m => m.HomeComponent)
         ╵              ~~~~~~~~~~~~~~~~~~~~~~~


✘ [ERROR] TS2307: Cannot find module './planner/planner.component' or its corresponding type declarations. [plugin angular-compiler]

    src/app/app.routes.ts:22:13:
      22 │       import('./planner/planner.component').then(m => m.PlannerCom...
         ╵              ~~~~~~~~~~~~~~~~~~~~~~~~~~~~~


❯ Changes detected. Rebuilding...
✔ Changes detected. Rebuilding...
Application bundle generation failed. [0.014 seconds]

✘ [ERROR] TS2307: Cannot find module './signin/signin.component' or its corresponding type declarations. [plugin angular-compiler]

    src/app/app.routes.ts:12:13:
      12 │       import('./signin/signin.component').then(m => m.SigninCompon...
         ╵              ~~~~~~~~~~~~~~~~~~~~~~~~~~~


✘ [ERROR] TS2307: Cannot find module './home/home.component' or its corresponding type declarations. [plugin angular-compiler]

    src/app/app.routes.ts:17:13:
      17 │       import('./home/home.component').then(m => m.HomeComponent)
         ╵              ~~~~~~~~~~~~~~~~~~~~~~~


✘ [ERROR] TS2307: Cannot find module './planner/planner.component' or its corresponding type declarations. [plugin angular-compiler]

    src/app/app.routes.ts:22:13:
      22 │       import('./planner/planner.component').then(m => m.PlannerCom...
         ╵              ~~~~~~~~~~~~~~~~~~~~~~~~~~~~~


❯ Changes detected. Rebuilding...
✔ Changes detected. Rebuilding...
Application bundle generation failed. [0.020 seconds]

✘ [ERROR] TS2307: Cannot find module './signin/signin.component' or its corresponding type declarations. [plugin angular-compiler]

    src/app/app.routes.ts:12:13:
      12 │       import('./signin/signin.component').then(m => m.SigninCompon...
         ╵              ~~~~~~~~~~~~~~~~~~~~~~~~~~~


✘ [ERROR] TS2307: Cannot find module './home/home.component' or its corresponding type declarations. [plugin angular-compiler]

    src/app/app.routes.ts:17:13:
      17 │       import('./home/home.component').then(m => m.HomeComponent)
         ╵              ~~~~~~~~~~~~~~~~~~~~~~~


✘ [ERROR] TS2307: Cannot find module './planner/planner.component' or its corresponding type declarations. [plugin angular-compiler]

    src/app/app.routes.ts:22:13:
      22 │       import('./planner/planner.component').then(m => m.PlannerCom...
         ╵              ~~~~~~~~~~~~~~~~~~~~~~~~~~~~~


❯ Changes detected. Rebuilding...
✔ Changes detected. Rebuilding...
Application bundle generation failed. [0.014 seconds]

✘ [ERROR] TS2307: Cannot find module './signin/signin.component' or its corresponding type declarations. [plugin angular-compiler]

    src/app/app.routes.ts:12:13:
      12 │       import('./signin/signin.component').then(m => m.SigninCompon...
         ╵              ~~~~~~~~~~~~~~~~~~~~~~~~~~~


✘ [ERROR] TS2307: Cannot find module './home/home.component' or its corresponding type declarations. [plugin angular-compiler]

    src/app/app.routes.ts:17:13:
      17 │       import('./home/home.component').then(m => m.HomeComponent)
         ╵              ~~~~~~~~~~~~~~~~~~~~~~~


✘ [ERROR] TS2307: Cannot find module './planner/planner.component' or its corresponding type declarations. [plugin angular-compiler]

    src/app/app.routes.ts:22:13:
      22 │       import('./planner/planner.component').then(m => m.PlannerCom...
         ╵              ~~~~~~~~~~~~~~~~~~~~~~~~~~~~~


